Copyright 1986-2022 Xilinx, Inc. All Rights Reserved. Copyright 2022-2023 Advanced Micro Devices, Inc. All Rights Reserved.
---------------------------------------------------------------------------------------------------------------------------------------------
| Tool Version : Vivado v.2023.2 (lin64) Build 4029153 Fri Oct 13 20:13:54 MDT 2023
| Date         : Mon Dec 29 09:23:43 2025
| Host         : salvage running 64-bit unknown
| Command      : report_timing -file /home/ptracton/src/Gemini_IP/IP/interface/UART/sim/synthesis/uart_apb_vhd/uart_apb_vhd_timing.rpt
| Design       : uart_apb
| Device       : 7a35t-cpg236
| Speed File   : -1  PRODUCTION 1.23 2018-06-13
| Design State : Synthesized
---------------------------------------------------------------------------------------------------------------------------------------------

Timing Report

Slack:                    inf
  Source:                 paddr[4]
                            (input port)
  Destination:            prdata[0]
                            (output port)
  Path Group:             (none)
  Path Type:              Max at Slow Process Corner
  Data Path Delay:        6.268ns  (logic 3.756ns (59.919%)  route 2.512ns (40.081%))
  Logic Levels:           4  (IBUF=1 LUT2=1 LUT6=1 OBUF=1)

    Location             Delay type                Incr(ns)  Path(ns)    Netlist Resource(s)
  -------------------------------------------------------------------    -------------------
                                                      0.000     0.000 f  paddr[4] (IN)
                         net (fo=0)                   0.000     0.000    paddr[4]
                         IBUF (Prop_ibuf_I_O)         0.923     0.923 f  paddr_IBUF[4]_inst/O
                         net (fo=48, unplaced)        0.800     1.722    core_inst/paddr_IBUF[4]
                         LUT2 (Prop_lut2_I1_O)        0.124     1.846 r  core_inst/prdata_OBUF[1]_inst_i_3/O
                         net (fo=2, unplaced)         0.913     2.759    core_inst/prdata_OBUF[1]_inst_i_3_n_0
                         LUT6 (Prop_lut6_I3_O)        0.124     2.883 r  core_inst/prdata_OBUF[0]_inst_i_1/O
                         net (fo=1, unplaced)         0.800     3.683    prdata_OBUF[0]
                         OBUF (Prop_obuf_I_O)         2.585     6.268 r  prdata_OBUF[0]_inst/O
                         net (fo=0)                   0.000     6.268    prdata[0]
                                                                      r  prdata[0] (OUT)
  -------------------------------------------------------------------    -------------------




